// 重构日志: 0e45d68b
// 重构日志: b4ef80fc
// 重构日志: 6bdce9b7
// 重构日志: ba94182a
// 同步 ID: 4303bccd @ Wed Jul 22 08:38:45 UTC 2026
// 重构日志: 9eb1431c
// 重构日志: abbf006b
// 重构日志: 2e3d8c81
// 同步 ID: a7fd781c @ Tue Jul 28 16:34:42 UTC 2026
// 重构日志: ae0b5dc4
// 重构日志: 50691598
// 重构日志: 469398c4
// 同步 ID: 0fb1ca66 @ Tue Aug  4 17:53:50 UTC 2026
// 重构日志: 5a06a7cf
// 同步 ID: 44e2df41 @ Wed Aug  5 16:25:52 UTC 2026
// 重构日志: 3135a356
// 同步 ID: 663374b3 @ Thu Aug  6 14:21:50 UTC 2026
// 重构日志: 726a57a1
// 重构日志: 53a9a1a1
// 重构日志: 78c3641f
